
==================================================================
intelligence-platform  —  lexical (BM25/FTS5)
==================================================================
  ingesting corpus...
    i1040gi    737 segments
    p523       142 segments
    p527       205 segments
    p925       154 segments
    p946       545 segments
  ingested in 1s
  ! rental-below-zero: TypeError: float() argument must be a string or a real number, not 'dict'
  ! suspended-on-sale: TypeError: float() argument must be a string or a real number, not 'dict'
  ! skip-depreciation: TypeError: float() argument must be a string or a real number, not 'dict'
  ! offset-salary: TypeError: float() argument must be a string or a real number, not 'dict'
  ! time-spent-managing: TypeError: float() argument must be a string or a real number, not 'dict'
  ! converted-home: TypeError: float() argument must be a string or a real number, not 'dict'
  ! depreciate-then-sell: TypeError: float() argument must be a string or a real number, not 'dict'
  ! max-allowance: TypeError: float() argument must be a string or a real number, not 'dict'
  ! phaseout-threshold: TypeError: float() argument must be a string or a real number, not 'dict'
  ! recovery-period: TypeError: float() argument must be a string or a real number, not 'dict'
  ! vacation-home-days: TypeError: float() argument must be a string or a real number, not 'dict'
  ! out-of-corpus-c-corp: TypeError: float() argument must be a string or a real number, not 'dict'
  ! out-of-corpus-rd-credit: TypeError: float() argument must be a string or a real number, not 'dict'

wrote /Users/davidmar/src/rag-bakeoff/results/bakeoff-k5.json
