
==================================================================
voice-optimal-RAG  —  dense (nomic-embed-text-v1.5)
==================================================================
  ingesting corpus...
    i1040gi.pdf 491 segments
    p523.pdf   78 segments
    p527.pdf   108 segments
    p925.pdf   78 segments
    p946.pdf   334 segments
  ingested in 85s
  ✗ rental-below-zero        recall=14% critical=0%  missing critical: passive activity loss, $25,000 special allowance, MAGI phase-out
  ✓ suspended-on-sale        recall=100% critical=100%  
  ✗ skip-depreciation        recall=33% critical=0%  missing critical: allowed or allowable, depreciation recapture
  ✓ offset-salary            recall=100% critical=100%  
  ✗ time-spent-managing      recall=0% critical=0%  missing critical: material participation, real estate professional
  ✗ converted-home           recall=67% critical=50%  missing critical: fair market value at conversion
  ✗ depreciate-then-sell     recall=67% critical=50%  missing critical: depreciation recapture
  ✓ max-allowance            recall=100% critical=100%  
  ✓ phaseout-threshold       recall=100% critical=100%  
  ✓ recovery-period          recall=100% critical=100%  
  ✓ vacation-home-days       recall=100% critical=100%  
  out-of-corpus-c-corp     top_score=0.611 (5 passages returned)
  out-of-corpus-rd-credit  top_score=0.612 (5 passages returned)

  MEAN RECALL 71%  |  CRITICAL 64%  |  fully-answerable 6/11
  DISCRIMINATION (answerable − unanswerable score): +0.097

wrote /Users/davidmar/src/rag-bakeoff/results/bakeoff-k5.json
